Traceback (most recent call last):
  File "<frozen runpy>", line 198, in _run_module_as_main
  File "<frozen runpy>", line 88, in _run_code
  File "/home/openhands/.local/lib/python3.12/site-packages/uvicorn/__main__.py", line 4, in <module>
    uvicorn.main()
  File "/home/openhands/.local/lib/python3.12/site-packages/click/core.py", line 1485, in __call__
    return self.main(*args, **kwargs)
           ^^^^^^^^^^^^^^^^^^^^^^^^^^
  File "/home/openhands/.local/lib/python3.12/site-packages/click/core.py", line 1406, in main
    rv = self.invoke(ctx)
         ^^^^^^^^^^^^^^^^
  File "/home/openhands/.local/lib/python3.12/site-packages/click/core.py", line 1269, in invoke
    return ctx.invoke(self.callback, **ctx.params)
           ^^^^^^^^^^^^^^^^^^^^^^^^^^^^^^^^^^^^^^^
  File "/home/openhands/.local/lib/python3.12/site-packages/click/core.py", line 824, in invoke
    return callback(*args, **kwargs)
           ^^^^^^^^^^^^^^^^^^^^^^^^^
  File "/home/openhands/.local/lib/python3.12/site-packages/uvicorn/main.py", line 433, in main
    run(
  File "/home/openhands/.local/lib/python3.12/site-packages/uvicorn/main.py", line 606, in run
    server.run()
  File "/home/openhands/.local/lib/python3.12/site-packages/uvicorn/server.py", line 75, in run
    return asyncio_run(self.serve(sockets=sockets), loop_factory=self.config.get_loop_factory())
           ^^^^^^^^^^^^^^^^^^^^^^^^^^^^^^^^^^^^^^^^^^^^^^^^^^^^^^^^^^^^^^^^^^^^^^^^^^^^^^^^^^^^^
  File "/usr/local/lib/python3.12/asyncio/runners.py", line 195, in run
    return runner.run(main)
           ^^^^^^^^^^^^^^^^
  File "/usr/local/lib/python3.12/asyncio/runners.py", line 118, in run
    return self._loop.run_until_complete(task)
           ^^^^^^^^^^^^^^^^^^^^^^^^^^^^^^^^^^^
  File "uvloop/loop.pyx", line 1518, in uvloop.loop.Loop.run_until_complete
  File "/home/openhands/.local/lib/python3.12/site-packages/uvicorn/server.py", line 79, in serve
    await self._serve(sockets)
  File "/home/openhands/.local/lib/python3.12/site-packages/uvicorn/server.py", line 86, in _serve
    config.load()
  File "/home/openhands/.local/lib/python3.12/site-packages/uvicorn/config.py", line 441, in load
    self.loaded_app = import_from_string(self.app)
                      ^^^^^^^^^^^^^^^^^^^^^^^^^^^^
  File "/home/openhands/.local/lib/python3.12/site-packages/uvicorn/importer.py", line 19, in import_from_string
    module = importlib.import_module(module_str)
             ^^^^^^^^^^^^^^^^^^^^^^^^^^^^^^^^^^^
  File "/usr/local/lib/python3.12/importlib/__init__.py", line 90, in import_module
    return _bootstrap._gcd_import(name[level:], package, level)
           ^^^^^^^^^^^^^^^^^^^^^^^^^^^^^^^^^^^^^^^^^^^^^^^^^^^^
  File "<frozen importlib._bootstrap>", line 1387, in _gcd_import
  File "<frozen importlib._bootstrap>", line 1360, in _find_and_load
  File "<frozen importlib._bootstrap>", line 1331, in _find_and_load_unlocked
  File "<frozen importlib._bootstrap>", line 935, in _load_unlocked
  File "<frozen importlib._bootstrap_external>", line 999, in exec_module
  File "<frozen importlib._bootstrap>", line 488, in _call_with_frames_removed
  File "/workspace/project/BOD-personal/personal_strategic_intelligence_engine/app/main.py", line 7, in <module>
    from app.core.config import get_settings
  File "/workspace/project/BOD-personal/personal_strategic_intelligence_engine/app/core/__init__.py", line 4, in <module>
    from app.core.context_builder import ContextBuilder, get_context_builder
  File "/workspace/project/BOD-personal/personal_strategic_intelligence_engine/app/core/context_builder.py", line 7, in <module>
    from app.memory.profile_memory import ProfileMemory
  File "/workspace/project/BOD-personal/personal_strategic_intelligence_engine/app/memory/__init__.py", line 2, in <module>
    from app.memory.profile_memory import ProfileMemory, get_profile_memory
  File "/workspace/project/BOD-personal/personal_strategic_intelligence_engine/app/memory/profile_memory.py", line 8, in <module>
    from app.models.user_profile import UserProfile
  File "/workspace/project/BOD-personal/personal_strategic_intelligence_engine/app/models/__init__.py", line 30, in <module>
    from app.models.reviews import StrategicReview, StrategicInsight, ReviewDecisionProposal
  File "/workspace/project/BOD-personal/personal_strategic_intelligence_engine/app/models/reviews/__init__.py", line 48, in <module>
    class StrategicInsight(Base, TimestampMixin):
  File "/home/openhands/.local/lib/python3.12/site-packages/sqlalchemy/orm/decl_api.py", line 846, in __init_subclass__
    _as_declarative(cls._sa_registry, cls, cls.__dict__)
  File "/home/openhands/.local/lib/python3.12/site-packages/sqlalchemy/orm/decl_base.py", line 245, in _as_declarative
    return _MapperConfig.setup_mapping(registry, cls, dict_, None, {})
           ^^^^^^^^^^^^^^^^^^^^^^^^^^^^^^^^^^^^^^^^^^^^^^^^^^^^^^^^^^^
  File "/home/openhands/.local/lib/python3.12/site-packages/sqlalchemy/orm/decl_base.py", line 326, in setup_mapping
    return _ClassScanMapperConfig(
           ^^^^^^^^^^^^^^^^^^^^^^^
  File "/home/openhands/.local/lib/python3.12/site-packages/sqlalchemy/orm/decl_base.py", line 577, in __init__
    self._setup_table(table)
  File "/home/openhands/.local/lib/python3.12/site-packages/sqlalchemy/orm/decl_base.py", line 1762, in _setup_table
    table_cls(
  File "<string>", line 2, in __new__
  File "/home/openhands/.local/lib/python3.12/site-packages/sqlalchemy/util/deprecations.py", line 281, in warned
    return fn(*args, **kwargs)  # type: ignore[no-any-return]
           ^^^^^^^^^^^^^^^^^^^
  File "/home/openhands/.local/lib/python3.12/site-packages/sqlalchemy/sql/schema.py", line 429, in __new__
    return cls._new(*args, **kw)
           ^^^^^^^^^^^^^^^^^^^^^
  File "/home/openhands/.local/lib/python3.12/site-packages/sqlalchemy/sql/schema.py", line 461, in _new
    raise exc.InvalidRequestError(
sqlalchemy.exc.InvalidRequestError: Table 'strategic_insights' is already defined for this MetaData instance.  Specify 'extend_existing=True' to redefine options and columns on an existing Table object.
